// 重构日志: 518c921c
// 重构日志: 8f1b225f
// 重构日志: 62b4dd61
// 重构日志: 1ed89415
// 重构日志: c5450cf6
// 重构日志: 601853c6
// 重构日志: 0cb2d9d3
// 重构日志: c0792afa
// 重构日志: 3b76f536
// 同步 ID: a0af42f2 @ Mon Jul 27 22:36:24 UTC 2026
// 重构日志: 0f6c1884
// 重构日志: 629456d9
// 重构日志: 470e3e6d
// 重构日志: fff6b334
// 重构日志: 2ef8bc67
// 同步 ID: 087e8bcc @ Wed Jul 29 17:29:42 UTC 2026
// 重构日志: 5e75ca7e
// 重构日志: 7b71fbca
// 同步 ID: 1addc0a0 @ Sat Aug  1 05:03:15 UTC 2026
// 重构日志: 4c4f9a81
// 同步 ID: bc83b86f @ Sat Aug  1 12:06:02 UTC 2026
// 同步 ID: 242477b7 @ Mon Aug  3 13:27:54 UTC 2026
// 同步 ID: c7c2cd86 @ Tue Aug  4 04:39:57 UTC 2026
// 同步 ID: e71866be @ Tue Aug  4 08:17:38 UTC 2026
// 同步 ID: 03ab64e4 @ Fri Aug  7 11:38:05 UTC 2026
// 重构日志: dd8d8626
// 重构日志: fa802b0b
// 重构日志: 69544539
// 同步 ID: 9fd4739c @ Sat Aug  8 06:38:42 UTC 2026
// 同步 ID: b23a02df @ Sat Aug  8 11:01:57 UTC 2026
